[H[2J[H[2JNone
2016-08-25 07:31:05,170 INFO Hostname/IP lookup (this will take a few seconds)
2016-08-25 07:31:05,170 INFO Launching Rocket
2016-08-25 07:31:07,431 DEBUG FW with id: 7 is unique!
2016-08-25 07:31:07,433 DEBUG Created/updated Launch with launch_id: 1
2016-08-25 07:31:07,444 DEBUG Checked out FW with id: 7
2016-08-25 07:31:07,446 INFO RUNNING fw_id: 7 in directory: /global/u1/k/kmathew/vasp_calcs/Raman/8/1
2016-08-25 07:31:07,449 INFO Task started: {{matmethods.vasp.firetasks.write_inputs.WriteVaspFromIOSet}}.
2016-08-25 07:31:07,471 INFO Task completed: {{matmethods.vasp.firetasks.write_inputs.WriteVaspFromIOSet}} 
2016-08-25 07:31:07,471 INFO Task started: {{matmethods.vasp.firetasks.run_calc.RunVaspDirect}}.
2016-08-25 07:31:07,471 INFO matmethods.vasp.firetasks.run_calc Running VASP using exe: srun vasp
 running on   16 total cores
 distrk:  each k-point on   16 cores,    1 groups
 distr:  one band on    1 cores,   16 groups
 using from now: INCAR     
 vasp.5.4.1 24Jun15 (build Feb 01 2016 23:38:11) complex                        
  
 POSCAR found type information on POSCAR  Si
 POSCAR found :  1 types and       2 ions

 ----------------------------------------------------------------------------- 
|                                                                             |
|           W    W    AA    RRRRR   N    N  II  N    N   GGGG   !!!           |
|           W    W   A  A   R    R  NN   N  II  NN   N  G    G  !!!           |
|           W    W  A    A  R    R  N N  N  II  N N  N  G       !!!           |
|           W WW W  AAAAAA  RRRRR   N  N N  II  N  N N  G  GGG   !            |
|           WW  WW  A    A  R   R   N   NN  II  N   NN  G    G                |
|           W    W  A    A  R    R  N    N  II  N    N   GGGG   !!!           |
|                                                                             |
|      For optimal performance we recommend to set                            |
|        NCORE= 4 - approx SQRT( number of cores)                             |
|      NCORE specifies how many cores store one orbital (NPAR=cpu/NCORE).     |
|      This setting can  greatly improve the performance of VASP for DFT.     |
|      The default, NPAR=number of cores might be grossly inefficient         |
|      on modern multi-core architectures or massively parallel machines.     |
|      Do your own testing !!!!                                               |
|      Unfortunately you need to use the default for GW and RPA calculations. |
|      (for HF NCORE is supported but not extensively tested yet)             |
|                                                                             |
 ----------------------------------------------------------------------------- 


 ----------------------------------------------------------------------------- 
|                                                                             |
|  ADVICE TO THIS USER RUNNING 'VASP/VAMP'   (HEAR YOUR MASTER'S VOICE ...):  |
|                                                                             |
|      You have a (more or less) 'small supercell' and for smaller cells      |
|      it is recommended  to use the reciprocal-space projection scheme!      |
|      The real space optimization is not  efficient for small cells and it   |
|      is also less accurate ...                                              |
|      Therefore set LREAL=.FALSE. in the  INCAR file                         |
|                                                                             |
 ----------------------------------------------------------------------------- 

 LDA part: xc-table for Pade appr. of Perdew
 POSCAR, INCAR and KPOINTS ok, starting setup
 FFT: planning ...
 WAVECAR not read
 WARNING: chargedensity file is incomplete
 entering main loop
       N       E                     dE             d eps       ncg     rms          rms(c)
DAV:   1    -0.128090971435E+01   -0.12809E+01   -0.30911E+03  1872   0.360E+02
DAV:   2    -0.107673792968E+02   -0.94865E+01   -0.93856E+01  2720   0.382E+01
DAV:   3    -0.108353926605E+02   -0.68013E-01   -0.68013E-01  2064   0.383E+00
DAV:   4    -0.108356021669E+02   -0.20951E-03   -0.20951E-03  3488   0.235E-01
DAV:   5    -0.108356021738E+02   -0.68252E-08   -0.68253E-08  2032   0.123E-03    0.373E+00
RMM:   6    -0.108853315837E+02   -0.49729E-01   -0.45106E-02  1856   0.881E-01    0.190E+00
RMM:   7    -0.108244984905E+02    0.60833E-01   -0.43001E-02  1856   0.869E-01    0.103E+00
RMM:   8    -0.108422737780E+02   -0.17775E-01   -0.99403E-03  1856   0.472E-01    0.175E-01
RMM:   9    -0.108418799998E+02    0.39378E-03   -0.38871E-04  1838   0.882E-02    0.971E-02
RMM:  10    -0.108418321388E+02    0.47861E-04   -0.32359E-04  1841   0.772E-02
   1 F= -.10841832E+02 E0= -.10841832E+02  d E =-.108418E+02  mag=     0.0007
 curvature:   0.00 expect dE= 0.000E+00 dE for cont linesearch  0.000E+00
 trial: gam= 0.00000 g(F)=  0.268E-44 g(S)=  0.174E-01 ort = 0.000E+00 (trialstep = 0.100E+01)
 search vector abs. value=  0.174E-01
 bond charge predicted
       N       E                     dE             d eps       ncg     rms          rms(c)
DAV:   1    -0.108513932777E+02   -0.95133E-02   -0.26639E-01  1984   0.146E+00    0.329E-01
RMM:   2    -0.108467706247E+02    0.46227E-02   -0.15745E-03  1856   0.208E-01    0.188E-01
RMM:   3    -0.108443991736E+02    0.23715E-02   -0.19258E-03  1856   0.144E-01    0.273E-02
RMM:   4    -0.108444141850E+02   -0.15011E-04   -0.37727E-05  1268   0.300E-02
   2 F= -.10844414E+02 E0= -.10844414E+02  d E =-.258205E-02  mag=    -0.0001
 trial-energy change:   -0.002582  1 .order   -0.002914   -0.017354    0.011525
 step:   0.6009(harm=  0.6009)  dis= 0.00000  next Energy=   -10.847046 (dE=-0.521E-02)
 bond charge predicted
       N       E                     dE             d eps       ncg     rms          rms(c)
DAV:   1    -0.108478034405E+02   -0.34043E-02   -0.43085E-02  2464   0.594E-01    0.132E-01
RMM:   2    -0.108470730437E+02    0.73040E-03   -0.22916E-04  1849   0.781E-02    0.755E-02
RMM:   3    -0.108467083912E+02    0.36465E-03   -0.29840E-04  1842   0.566E-02    0.102E-02
RMM:   4    -0.108467149452E+02   -0.65540E-05   -0.48086E-06   969   0.111E-02
   3 F= -.10846715E+02 E0= -.10846715E+02  d E =-.488281E-02  mag=     0.0000
 curvature:  -0.30 expect dE=-0.266E-06 dE for cont linesearch -0.266E-06
 trial: gam= 0.00000 g(F)=  0.165E-45 g(S)=  0.886E-06 ort =-0.124E-03 (trialstep = 0.920E+00)
 search vector abs. value=  0.886E-06
 reached required accuracy - stopping structural energy minimisation
2016-08-25 07:31:23,456 INFO matmethods.vasp.firetasks.run_calc VASP finished running with returncode: 0
2016-08-25 07:31:23,456 INFO Task completed: {{matmethods.vasp.firetasks.run_calc.RunVaspDirect}} 
2016-08-25 07:31:23,456 INFO Task started: {{matmethods.common.firetasks.glue_tasks.PassCalcLocs}}.
2016-08-25 07:31:23,456 INFO Task completed: {{matmethods.common.firetasks.glue_tasks.PassCalcLocs}} 
2016-08-25 07:31:23,457 INFO Task started: {{matmethods.vasp.firetasks.parse_outputs.VaspToDbTask}}.
2016-08-25 07:31:23,457 INFO matmethods.vasp.firetasks.parse_outputs PARSING DIRECTORY: /global/u1/k/kmathew/vasp_calcs/Raman/8/1
2016-08-25 07:31:23,457 INFO matmethods.vasp.drones Getting task doc for base dir :/global/u1/k/kmathew/vasp_calcs/Raman/8/1
2016-08-25 07:31:23,578 INFO matmethods.vasp.drones Post-processing dir:/global/u1/k/kmathew/vasp_calcs/Raman/8/1
2016-08-25 07:31:23,578 WARNING matmethods.vasp.drones Transformations file does not exist.
2016-08-25 07:31:23,581 INFO matmethods.vasp.drones Post-processed /global/u1/k/kmathew/vasp_calcs/Raman/8/1
2016-08-25 07:31:23,591 INFO matmethods.vasp.database Inserting mc0646.nersc.gov:/global/u1/k/kmathew/vasp_calcs/Raman/8/1 with taskid = 86
2016-08-25 07:31:23,629 INFO matmethods.vasp.firetasks.parse_outputs Finished parsing with task_id: 86
2016-08-25 07:31:23,629 INFO Task completed: {{matmethods.vasp.firetasks.parse_outputs.VaspToDbTask}} 
2016-08-25 07:31:23,695 INFO Rocket finished
