Loading torque prologue
Done
mp_prod environment
2013-09-21 11:51:45,547 INFO Launching Rocket
2013-09-21 11:51:46,020 DEBUG Querying for duplicates, fw_id: 389927
2013-09-21 11:51:46,028 DEBUG Verifying for duplicates, fw_ids: 389927, 389927
2013-09-21 11:51:46,045 DEBUG FW with id: 389927 is unique!
2013-09-21 11:51:46,051 DEBUG Created/updated Launch with launch_id: 241985
2013-09-21 11:51:46,176 DEBUG Checked out FW with id: 389927
COPYING /project/projectdirs/matgen/garden/aflow_engines-mag_special/runs_2011-08-25-09-51-06/2011-5-27-17-51-13_11721_79021/relax2/INCAR INCAR
COPYING /project/projectdirs/matgen/garden/aflow_engines-mag_special/runs_2011-08-25-09-51-06/2011-5-27-17-51-13_11721_79021/relax2/KPOINTS KPOINTS
COPYING /project/projectdirs/matgen/garden/aflow_engines-mag_special/runs_2011-08-25-09-51-06/2011-5-27-17-51-13_11721_79021/relax2/POTCAR POTCAR
COPYING /project/projectdirs/matgen/garden/aflow_engines-mag_special/runs_2011-08-25-09-51-06/2011-5-27-17-51-13_11721_79021/relax2/OUTCAR OUTCAR
COPYING /project/projectdirs/matgen/garden/aflow_engines-mag_special/runs_2011-08-25-09-51-06/2011-5-27-17-51-13_11721_79021/relax2/vasprun.xml vasprun.xml
COPYING /project/projectdirs/matgen/garden/aflow_engines-mag_special/runs_2011-08-25-09-51-06/2011-5-27-17-51-13_11721_79021/relax2/OSZICAR OSZICAR
COPYING /project/projectdirs/matgen/garden/aflow_engines-mag_special/runs_2011-08-25-09-51-06/2011-5-27-17-51-13_11721_79021/relax2/CONTCAR POSCAR
running on MENDEL
2013-09-21 11:52:37,730 INFO Rocket finished

----------------------------------------------------------------
Jobs exit status code is 0
Job Si1--GGA_static_v2/6671258.cvrsvc09-ib completed Sat Sep 21 11:52:38 PDT 2013
Submitted by matcomp/matcomp using matcomp
Job Limits: neednodes=2:ppn=16,nodes=2:ppn=16,walltime=168:00:00
Job Resources used: cput=00:19:56,mem=969448kb,vmem=5453564kb,walltime=00:00:53
Nodes used: mc0803 mc0856 

Killing any leftover processes...

Job completed.
