 running on   32 nodes
 distr:  one band on   16 nodes,    2 groups
 vasp.5.2.2 15Apr09 complex 
 POSCAR found type information on POSCAR  Si
 POSCAR found :  1 types and    2 ions

 ----------------------------------------------------------------------------- 
|                                                                             |
|  ADVICE TO THIS USER RUNNING 'VASP/VAMP'   (HEAR YOUR MASTER'S VOICE ...):  |
|                                                                             |
|      You have a (more or less) 'small supercell' and for smaller cells      |
|      it is recommended  to use the reciprocal-space projection scheme!      |
|      The real space optimization is not  efficient for small cells and it   |
|      is also less accurate ...                                              |
|      Therefore set LREAL=.FALSE. in the  INCAR file                         |
|                                                                             |
 ----------------------------------------------------------------------------- 

 LDA part: xc-table for Pade appr. of Perdew
 POSCAR, INCAR and KPOINTS ok, starting setup
 FFT: planning ...(            1 )
 reading WAVECAR
 augmentation electrons    8.017552069108632     
 augmentation electrons    8.017552069108632     
 soft         electrons    0.000000000000000     
 augmentation electrons    8.017552069108632     
 augmentation electrons    8.017552069108632     
 augmentation electrons    8.017552069108632     
 soft         electrons    0.000000000000000     
 augmentation electrons    8.017552069108632     
 augmentation electrons    8.017552069108632     
 augmentation electrons    8.017552069108632     
 augmentation electrons    8.017552069108632     
 augmentation electrons    8.017552069108632     
 augmentation electrons    8.017552069108632     
 augmentation electrons    8.017552069108632     
 augmentation electrons    8.017552069108632     
 augmentation electrons    8.017552069108632     
 augmentation electrons    8.017552069108632     
 augmentation electrons    8.017552069108632     
 augmentation electrons    8.017552069108632     
 augmentation electrons    8.017552069108632     
 augmentation electrons    8.017552069108632     
 augmentation electrons    8.017552069108632     
 soft         electrons    0.000000000000000     
 soft         electrons    0.000000000000000     
 soft         electrons    0.000000000000000     
 augmentation electrons    8.017552069108632     
 soft         electrons    0.000000000000000     
 soft         electrons    0.000000000000000     
 soft         electrons    0.000000000000000     
 augmentation electrons    8.017552069108632     
 soft         electrons    0.000000000000000     
 augmentation electrons    8.017552069108632     
 augmentation electrons    8.017552069108632     
 soft         electrons    0.000000000000000     
 soft         electrons    0.000000000000000     
 soft         electrons    0.000000000000000     
 augmentation electrons    8.017552069108632     
 soft         electrons    0.000000000000000     
 soft         electrons    0.000000000000000     
 soft         electrons    0.000000000000000     
 soft         electrons    0.000000000000000     
 soft         electrons    0.000000000000000     
 soft         electrons    0.000000000000000     
 augmentation electrons    8.017552069108632     
 augmentation electrons    8.017552069108632     
 augmentation electrons    8.017552069108632     
 soft         electrons    0.000000000000000     
 soft         electrons    0.000000000000000     
 augmentation electrons    8.017552069108632     
 augmentation electrons    8.017552069108632     
 soft         electrons    0.000000000000000     
 soft         electrons    0.000000000000000     
 soft         electrons    0.000000000000000     
 augmentation electrons    8.017552069108632     
 soft         electrons    0.000000000000000     
 soft         electrons    0.000000000000000     
 augmentation electrons    8.017552069108632     
 soft         electrons    0.000000000000000     
 total        electrons    8.017552069108632     
 total        electrons    8.017552069108632     
 total        electrons    8.017552069108632     
 total        electrons    8.017552069108632     
 total        electrons    8.017552069108632     
 total        electrons    8.017552069108632     
 total        electrons    8.017552069108632     
 total        electrons    8.017552069108632     
 total        electrons    8.017552069108632     
 total        electrons    8.017552069108632     
 total        electrons    8.017552069108632     
 total        electrons    8.017552069108632     
 total        electrons    8.017552069108632     
 total        electrons    8.017552069108632     
 total        electrons    8.017552069108632     
 total        electrons    8.017552069108632     
 total        electrons    8.017552069108632     
 soft         electrons    0.000000000000000     
 total        electrons    8.017552069108632     
 soft         electrons    0.000000000000000     
 total        electrons    8.017552069108632     
 total        electrons    8.017552069108632     
 total        electrons    8.017552069108632     
 total        electrons    8.017552069108632     
 soft         electrons    0.000000000000000     
 total        electrons    8.017552069108632     
 total        electrons    8.017552069108632     
 total        electrons    8.017552069108632     
 soft         electrons    0.000000000000000     
 total        electrons    8.017552069108632     
 soft         electrons    0.000000000000000     
 total        electrons    8.017552069108632     
 total        electrons    8.017552069108632     
 total        electrons    8.017552069108632     
 soft         electrons    0.000000000000000     
 total        electrons    8.017552069108632     
 total        electrons    8.017552069108632     
 total        electrons    8.017552069108632     
 augmentation electrons   2.6328103662950257E-003
 soft         electrons    0.000000000000000     
 total        electrons   2.6328103662950257E-003
 augmentation electrons   2.6328103662950257E-003
 soft         electrons    0.000000000000000     
 total        electrons   2.6328103662950257E-003
 augmentation electrons   2.6328103662950257E-003
 soft         electrons    0.000000000000000     
 total        electrons   2.6328103662950257E-003
 augmentation electrons   2.6328103662950257E-003
 soft         electrons    0.000000000000000     
 total        electrons   2.6328103662950257E-003
 augmentation electrons   2.6328103662950257E-003
 soft         electrons    0.000000000000000     
 total        electrons   2.6328103662950257E-003
 augmentation electrons   2.6328103662950257E-003
 soft         electrons    0.000000000000000     
 total        electrons   2.6328103662950257E-003
 augmentation electrons   2.6328103662950257E-003
 soft         electrons    0.000000000000000     
 total        electrons   2.6328103662950257E-003
 augmentation electrons   2.6328103662950257E-003
 soft         electrons    0.000000000000000     
 total        electrons   2.6328103662950257E-003
 augmentation electrons   2.6328103662950257E-003
 soft         electrons    0.000000000000000     
 total        electrons   2.6328103662950257E-003
 augmentation electrons   2.6328103662950257E-003
 soft         electrons    0.000000000000000     
 total        electrons   2.6328103662950257E-003
 augmentation electrons   2.6328103662950257E-003
 soft         electrons    0.000000000000000     
 total        electrons   2.6328103662950257E-003
 augmentation electrons   2.6328103662950257E-003
 soft         electrons    0.000000000000000     
 total        electrons   2.6328103662950257E-003
 augmentation electrons   2.6328103662950257E-003
 soft         electrons    0.000000000000000     
 total        electrons   2.6328103662950257E-003
 augmentation electrons   2.6328103662950257E-003
 soft         electrons    0.000000000000000     
 total        electrons   2.6328103662950257E-003
 augmentation electrons   2.6328103662950257E-003
 soft         electrons    0.000000000000000     
 total        electrons   2.6328103662950257E-003
 augmentation electrons   2.6328103662950257E-003
 soft         electrons    0.000000000000000     
 total        electrons   2.6328103662950257E-003
 augmentation electrons   2.6328103662950257E-003
 soft         electrons    0.000000000000000     
 total        electrons   2.6328103662950257E-003
 augmentation electrons   2.6328103662950257E-003
 soft         electrons    0.000000000000000     
 total        electrons   2.6328103662950257E-003
 augmentation electrons   2.6328103662950257E-003
 soft         electrons    0.000000000000000     
 total        electrons   2.6328103662950257E-003
 augmentation electrons   2.6328103662950257E-003
 soft         electrons    0.000000000000000     
 total        electrons   2.6328103662950257E-003
 augmentation electrons   2.6328103662950257E-003
 soft         electrons    0.000000000000000     
 total        electrons   2.6328103662950257E-003
 augmentation electrons   2.6328103662950257E-003
 soft         electrons    0.000000000000000     
 total        electrons   2.6328103662950257E-003
 augmentation electrons   2.6328103662950257E-003
 soft         electrons    0.000000000000000     
 total        electrons   2.6328103662950257E-003
 augmentation electrons   2.6328103662950257E-003
 soft         electrons    0.000000000000000     
 total        electrons   2.6328103662950257E-003
 augmentation electrons   2.6328103662950257E-003
 soft         electrons    0.000000000000000     
 total        electrons   2.6328103662950257E-003
 augmentation electrons   2.6328103662950257E-003
 soft         electrons    0.000000000000000     
 total        electrons   2.6328103662950257E-003
 augmentation electrons   2.6328103662950257E-003
 soft         electrons    0.000000000000000     
 total        electrons   2.6328103662950257E-003
 augmentation electrons   2.6328103662950257E-003
 soft         electrons    0.000000000000000     
 total        electrons   2.6328103662950257E-003
 augmentation electrons   2.6328103662950257E-003
 soft         electrons    0.000000000000000     
 total        electrons   2.6328103662950257E-003
 augmentation electrons   2.6328103662950257E-003
 soft         electrons    0.000000000000000     
 total        electrons   2.6328103662950257E-003
 augmentation electrons   2.6328103662950257E-003
 soft         electrons    0.000000000000000     
 total        electrons   2.6328103662950257E-003
 augmentation electrons   2.6328103662950257E-003
 soft         electrons    0.000000000000000     
 total        electrons   2.6328103662950257E-003
 augmentation electrons    23.25398017521051     
 soft         electrons    0.000000000000000     
 total        electrons    23.25398017521051     
 augmentation electrons    23.25398017521051     
 soft         electrons    0.000000000000000     
 total        electrons    23.25398017521051     
 augmentation electrons    23.25398017521051     
 soft         electrons    0.000000000000000     
 total        electrons    23.25398017521051     
 augmentation electrons    23.25398017521051     
 soft         electrons    0.000000000000000     
 total        electrons    23.25398017521051     
 augmentation electrons    23.25398017521051     
 soft         electrons    0.000000000000000     
 total        electrons    23.25398017521051     
 augmentation electrons    23.25398017521051     
 soft         electrons    0.000000000000000     
 total        electrons    23.25398017521051     
 augmentation electrons    23.25398017521051     
 soft         electrons    0.000000000000000     
 total        electrons    23.25398017521051     
 augmentation electrons    23.25398017521051     
 soft         electrons    0.000000000000000     
 total        electrons    23.25398017521051     
 augmentation electrons    23.25398017521051     
 soft         electrons    0.000000000000000     
 total        electrons    23.25398017521051     
 augmentation electrons    23.25398017521051     
 soft         electrons    0.000000000000000     
 total        electrons    23.25398017521051     
 augmentation electrons    23.25398017521051     
 soft         electrons    0.000000000000000     
 total        electrons    23.25398017521051     
 augmentation electrons    23.25398017521051     
 soft         electrons    0.000000000000000     
 total        electrons    23.25398017521051     
 augmentation electrons    23.25398017521051     
 soft         electrons    0.000000000000000     
 total        electrons    23.25398017521051     
 augmentation electrons    23.25398017521051     
 soft         electrons    0.000000000000000     
 total        electrons    23.25398017521051     
 augmentation electrons    23.25398017521051     
 soft         electrons    0.000000000000000     
 total        electrons    23.25398017521051     
 augmentation electrons    23.25398017521051     
 soft         electrons    0.000000000000000     
 total        electrons    23.25398017521051     
 augmentation electrons    23.25398017521051     
 soft         electrons    0.000000000000000     
 total        electrons    23.25398017521051     
 augmentation electrons    23.25398017521051     
 soft         electrons    0.000000000000000     
 total        electrons    23.25398017521051     
 augmentation electrons    23.25398017521051     
 soft         electrons    0.000000000000000     
 total        electrons    23.25398017521051     
 augmentation electrons    23.25398017521051     
 soft         electrons    0.000000000000000     
 total        electrons    23.25398017521051     
 augmentation electrons    23.25398017521051     
 soft         electrons    0.000000000000000     
 total        electrons    23.25398017521051     
 augmentation electrons    23.25398017521051     
 soft         electrons    0.000000000000000     
 total        electrons    23.25398017521051     
 augmentation electrons    23.25398017521051     
 soft         electrons    0.000000000000000     
 total        electrons    23.25398017521051     
 augmentation electrons    23.25398017521051     
 soft         electrons    0.000000000000000     
 total        electrons    23.25398017521051     
 augmentation electrons    23.25398017521051     
 soft         electrons    0.000000000000000     
 total        electrons    23.25398017521051     
 augmentation electrons    23.25398017521051     
 soft         electrons    0.000000000000000     
 total        electrons    23.25398017521051     
 augmentation electrons    23.25398017521051     
 soft         electrons    0.000000000000000     
 total        electrons    23.25398017521051     
 augmentation electrons    23.25398017521051     
 soft         electrons    0.000000000000000     
 total        electrons    23.25398017521051     
 augmentation electrons    23.25398017521051     
 soft         electrons    0.000000000000000     
 total        electrons    23.25398017521051     
 augmentation electrons    23.25398017521051     
 soft         electrons    0.000000000000000     
 total        electrons    23.25398017521051     
 augmentation electrons    23.25398017521051     
 soft         electrons    0.000000000000000     
 total        electrons    23.25398017521051     
 augmentation electrons    23.25398017521051     
 soft         electrons    0.000000000000000     
 total        electrons    23.25398017521051     
 augmentation electrons    20.51759017521051     
 soft         electrons    0.000000000000000     
 total        electrons    20.51759017521051     
 augmentation electrons    20.51759017521051     
 soft         electrons    0.000000000000000     
 total        electrons    20.51759017521051     
 augmentation electrons    20.51759017521051     
 soft         electrons    0.000000000000000     
 total        electrons    20.51759017521051     
 augmentation electrons    20.51759017521051     
 soft         electrons    0.000000000000000     
 total        electrons    20.51759017521051     
 augmentation electrons    20.51759017521051     
 soft         electrons    0.000000000000000     
 total        electrons    20.51759017521051     
 augmentation electrons    20.51759017521051     
 soft         electrons    0.000000000000000     
 total        electrons    20.51759017521051     
 augmentation electrons    20.51759017521051     
 soft         electrons    0.000000000000000     
 total        electrons    20.51759017521051     
 augmentation electrons    20.51759017521051     
 soft         electrons    0.000000000000000     
 total        electrons    20.51759017521051     
 augmentation electrons    20.51759017521051     
 soft         electrons    0.000000000000000     
 total        electrons    20.51759017521051     
 augmentation electrons    20.51759017521051     
 soft         electrons    0.000000000000000     
 total        electrons    20.51759017521051     
 augmentation electrons    20.51759017521051     
 soft         electrons    0.000000000000000     
 total        electrons    20.51759017521051     
 augmentation electrons    20.51759017521051     
 soft         electrons    0.000000000000000     
 total        electrons    20.51759017521051     
 augmentation electrons    20.51759017521051     
 soft         electrons    0.000000000000000     
 total        electrons    20.51759017521051     
 augmentation electrons    20.51759017521051     
 soft         electrons    0.000000000000000     
 total        electrons    20.51759017521051     
 augmentation electrons    20.51759017521051     
 soft         electrons    0.000000000000000     
 total        electrons    20.51759017521051     
 augmentation electrons    20.51759017521051     
 soft         electrons    0.000000000000000     
 total        electrons    20.51759017521051     
 augmentation electrons    20.51759017521051     
 soft         electrons    0.000000000000000     
 total        electrons    20.51759017521051     
 augmentation electrons    20.51759017521051     
 soft         electrons    0.000000000000000     
 total        electrons    20.51759017521051     
 augmentation electrons    20.51759017521051     
 soft         electrons    0.000000000000000     
 total        electrons    20.51759017521051     
 augmentation electrons    20.51759017521051     
 soft         electrons    0.000000000000000     
 total        electrons    20.51759017521051     
 augmentation electrons    20.51759017521051     
 soft         electrons    0.000000000000000     
 total        electrons    20.51759017521051     
 augmentation electrons    20.51759017521051     
 soft         electrons    0.000000000000000     
 total        electrons    20.51759017521051     
 augmentation electrons    20.51759017521051     
 soft         electrons    0.000000000000000     
 total        electrons    20.51759017521051     
 augmentation electrons    20.51759017521051     
 soft         electrons    0.000000000000000     
 total        electrons    20.51759017521051     
 augmentation electrons    20.51759017521051     
 soft         electrons    0.000000000000000     
 total        electrons    20.51759017521051     
 augmentation electrons    20.51759017521051     
 soft         electrons    0.000000000000000     
 total        electrons    20.51759017521051     
 augmentation electrons    20.51759017521051     
 soft         electrons    0.000000000000000     
 total        electrons    20.51759017521051     
 augmentation electrons    20.51759017521051     
 soft         electrons    0.000000000000000     
 total        electrons    20.51759017521051     
 augmentation electrons    20.51759017521051     
 soft         electrons    0.000000000000000     
 total        electrons    20.51759017521051     
 augmentation electrons    20.51759017521051     
 soft         electrons    0.000000000000000     
 total        electrons    20.51759017521051     
 augmentation electrons    20.51759017521051     
 soft         electrons    0.000000000000000     
 total        electrons    20.51759017521051     
 augmentation electrons    20.51759017521051     
 soft         electrons    0.000000000000000     
 total        electrons    20.51759017521051     
 initial charge from wavefunction
 entering main loop
       N       E                     dE             d eps       ncg     rms          rms(c)
DAV:   1     0.773612854245E+00    0.77361E+00   -0.32937E+03  2400   0.623E+02 
DAV:   2    -0.185864413486E+02   -0.19360E+02   -0.18907E+02  3366   0.904E+01 
DAV:   3    -0.191610676694E+02   -0.57463E+00   -0.57333E+00  3064   0.141E+01 
DAV:   4    -0.191660115484E+02   -0.49439E-02   -0.49433E-02  3002   0.161E+00 
DAV:   5    -0.191660642197E+02   -0.52671E-04   -0.52671E-04  2988   0.148E-01    0.225E+01
RMM:   6    -0.134644618757E+02    0.57016E+01   -0.91549E-01  2422   0.484E+00    0.135E+01
RMM:   7    -0.108200020947E+02    0.26445E+01   -0.23896E+00  2456   0.808E+00    0.100E+00
RMM:   8    -0.108326588121E+02   -0.12657E-01   -0.60641E-02  2681   0.217E+00    0.665E-01
RMM:   9    -0.108514642332E+02   -0.18805E-01   -0.23761E-02  2529   0.100E+00    0.221E-01
RMM:  10    -0.108506803485E+02    0.78388E-03   -0.22205E-03  2666   0.372E-01    0.605E-02
RMM:  11    -0.108502265106E+02    0.45384E-03   -0.10953E-03  2604   0.274E-01    0.414E-02
RMM:  12    -0.108506306003E+02   -0.40409E-03   -0.54923E-04  2533   0.235E-01    0.765E-03
RMM:  13    -0.108506350799E+02   -0.44796E-05   -0.15524E-05  2752   0.342E-02    0.331E-03
RMM:  14    -0.108506352811E+02   -0.20118E-06   -0.49798E-07  1937   0.676E-03 
   1 F= -.10850635E+02 E0= -.10850635E+02  d E =0.000000E+00  mag=     0.0000
 augmentation electrons  -0.4451979314169565     
 soft         electrons    8.458358181412331     
 total        electrons    8.013160249995375     
 augmentation electrons  -0.4451979314169565     
 soft         electrons    8.458358181412331     
 total        electrons    8.013160249995375     
 augmentation electrons  -0.4451979314169565     
 soft         electrons    8.458358181412331     
 total        electrons    8.013160249995375     
 augmentation electrons  -0.4451979314169565     
 soft         electrons    8.458358181412331     
 total        electrons    8.013160249995375     
 augmentation electrons  -0.4451979314169565     
 soft         electrons    8.458358181412331     
 total        electrons    8.013160249995375     
 augmentation electrons  -0.4451979314169565     
 soft         electrons    8.458358181412331     
 total        electrons    8.013160249995375     
 augmentation electrons  -0.4451979314169565     
 soft         electrons    8.458358181412331     
 total        electrons    8.013160249995375     
 augmentation electrons  -0.4451979314169565     
 soft         electrons    8.458358181412331     
 total        electrons    8.013160249995375     
 augmentation electrons  -0.4451979314169565     
 soft         electrons    8.458358181412331     
 total        electrons    8.013160249995375     
 augmentation electrons  -0.4451979314169565     
 soft         electrons    8.458358181412331     
 total        electrons    8.013160249995375     
 augmentation electrons  -0.4451979314169565     
 soft         electrons    8.458358181412331     
 total        electrons    8.013160249995375     
 augmentation electrons  -0.4451979314169565     
 soft         electrons    8.458358181412331     
 total        electrons    8.013160249995375     
 augmentation electrons  -0.4451979314169565     
 soft         electrons    8.458358181412331     
 total        electrons    8.013160249995375     
 augmentation electrons  -0.4451979314169565     
 soft         electrons    8.458358181412331     
 total        electrons    8.013160249995375     
 augmentation electrons  -0.4451979314169565     
 soft         electrons    8.458358181412331     
 total        electrons    8.013160249995375     
 augmentation electrons  -0.4451979314169565     
 soft         electrons    8.458358181412331     
 total        electrons    8.013160249995375     
 augmentation electrons  -0.4451979314169565     
 soft         electrons    8.458358181412331     
 total        electrons    8.013160249995375     
 augmentation electrons  -0.4451979314169565     
 soft         electrons    8.458358181412331     
 total        electrons    8.013160249995375     
 augmentation electrons  -0.4451979314169565     
 soft         electrons    8.458358181412331     
 total        electrons    8.013160249995375     
 augmentation electrons  -0.4451979314169565     
 soft         electrons    8.458358181412331     
 total        electrons    8.013160249995375     
 augmentation electrons  -0.4451979314169565     
 soft         electrons    8.458358181412331     
 total        electrons    8.013160249995375     
 augmentation electrons  -0.4451979314169565     
 soft         electrons    8.458358181412331     
 total        electrons    8.013160249995375     
 augmentation electrons  -0.4451979314169565     
 soft         electrons    8.458358181412331     
 total        electrons    8.013160249995375     
 augmentation electrons  -0.4451979314169565     
 soft         electrons    8.458358181412331     
 total        electrons    8.013160249995375     
 augmentation electrons  -0.4451979314169565     
 soft         electrons    8.458358181412331     
 total        electrons    8.013160249995375     
 augmentation electrons  -0.4451979314169565     
 soft         electrons    8.458358181412331     
 total        electrons    8.013160249995375     
 augmentation electrons  -0.4451979314169565     
 soft         electrons    8.458358181412331     
 total        electrons    8.013160249995375     
 augmentation electrons  -0.4451979314169565     
 soft         electrons    8.458358181412331     
 total        electrons    8.013160249995375     
 augmentation electrons  -0.4451979314169565     
 soft         electrons    8.458358181412331     
 total        electrons    8.013160249995375     
 augmentation electrons  -0.4451979314169565     
 soft         electrons    8.458358181412331     
 total        electrons    8.013160249995375     
 augmentation electrons  -0.4451979314169565     
 soft         electrons    8.458358181412331     
 total        electrons    8.013160249995375     
 augmentation electrons  -0.4451979314169565     
 soft         electrons    8.458358181412331     
 total        electrons    8.013160249995375     
 augmentation electrons  -2.5871466298296807E-007
 soft         electrons    8.458358181412331     
 total        electrons  -1.0507821236544687E-008
 augmentation electrons  -2.5871466298296807E-007
 soft         electrons    8.458358181412331     
 total        electrons  -1.0507821236544687E-008
 augmentation electrons  -2.5871466298296807E-007
 soft         electrons    8.458358181412331     
 total        electrons  -1.0507821236544687E-008
 augmentation electrons  -2.5871466298296807E-007
 soft         electrons    8.458358181412331     
 total        electrons  -1.0507821236544687E-008
 augmentation electrons  -2.5871466298296807E-007
 soft         electrons    8.458358181412331     
 total        electrons  -1.0507821236544687E-008
 augmentation electrons  -2.5871466298296807E-007
 soft         electrons    8.458358181412331     
 total        electrons  -1.0507821236544687E-008
 augmentation electrons  -2.5871466298296807E-007
 soft         electrons    8.458358181412331     
 total        electrons  -1.0507821236544687E-008
 augmentation electrons  -2.5871466298296807E-007
 soft         electrons    8.458358181412331     
 total        electrons  -1.0507821236544687E-008
 augmentation electrons  -2.5871466298296807E-007
 soft         electrons    8.458358181412331     
 total        electrons  -1.0507821236544687E-008
 augmentation electrons  -2.5871466298296807E-007
 soft         electrons    8.458358181412331     
 total        electrons  -1.0507821236544687E-008
 augmentation electrons  -2.5871466298296807E-007
 soft         electrons    8.458358181412331     
 total        electrons  -1.0507821236544687E-008
 augmentation electrons  -2.5871466298296807E-007
 soft         electrons    8.458358181412331     
 total        electrons  -1.0507821236544687E-008
 augmentation electrons  -2.5871466298296807E-007
 soft         electrons    8.458358181412331     
 total        electrons  -1.0507821236544687E-008
 augmentation electrons  -2.5871466298296807E-007
 soft         electrons    8.458358181412331     
 total        electrons  -1.0507821236544687E-008
 augmentation electrons  -2.5871466298296807E-007
 soft         electrons    8.458358181412331     
 total        electrons  -1.0507821236544687E-008
 augmentation electrons  -2.5871466298296807E-007
 soft         electrons    8.458358181412331     
 total        electrons  -1.0507821236544687E-008
 augmentation electrons  -2.5871466298296807E-007
 soft         electrons    8.458358181412331     
 total        electrons  -1.0507821236544687E-008
 augmentation electrons  -2.5871466298296807E-007
 soft         electrons    8.458358181412331     
 total        electrons  -1.0507821236544687E-008
 augmentation electrons  -2.5871466298296807E-007
 soft         electrons    8.458358181412331     
 total        electrons  -1.0507821236544687E-008
 augmentation electrons  -2.5871466298296807E-007
 soft         electrons    8.458358181412331     
 total        electrons  -1.0507821236544687E-008
 augmentation electrons  -2.5871466298296807E-007
 soft         electrons    8.458358181412331     
 total        electrons  -1.0507821236544687E-008
 augmentation electrons  -2.5871466298296807E-007
 soft         electrons    8.458358181412331     
 total        electrons  -1.0507821236544687E-008
 augmentation electrons  -2.5871466298296807E-007
 soft         electrons    8.458358181412331     
 total        electrons  -1.0507821236544687E-008
 augmentation electrons  -2.5871466298296807E-007
 soft         electrons    8.458358181412331     
 total        electrons  -1.0507821236544687E-008
 augmentation electrons  -2.5871466298296807E-007
 soft         electrons    8.458358181412331     
 total        electrons  -1.0507821236544687E-008
 augmentation electrons  -2.5871466298296807E-007
 soft         electrons    8.458358181412331     
 total        electrons  -1.0507821236544687E-008
 augmentation electrons  -2.5871466298296807E-007
 soft         electrons    8.458358181412331     
 total        electrons  -1.0507821236544687E-008
 augmentation electrons  -2.5871466298296807E-007
 soft         electrons    8.458358181412331     
 total        electrons  -1.0507821236544687E-008
 augmentation electrons  -2.5871466298296807E-007
 soft         electrons    8.458358181412331     
 total        electrons  -1.0507821236544687E-008
 augmentation electrons  -2.5871466298296807E-007
 soft         electrons    8.458358181412331     
 total        electrons  -1.0507821236544687E-008
 augmentation electrons  -2.5871466298296807E-007
 soft         electrons    8.458358181412331     
 total        electrons  -1.0507821236544687E-008
 augmentation electrons  -2.5871466298296807E-007
 soft         electrons    8.458358181412331     
 total        electrons  -1.0507821236544687E-008
